<div id="book-text">
<h1>
<span class="wl author" id="i1">Henryk Sienkiewicz</span><span class="wl title" id="i2">Latarnik</span>
</h1>
<div class="note"><p class="wl paragraph" id="i3">Opowiadanie to osnute jest na wypadku rzeczywistym, o którym w swoim czasie pisał J. Horain
   w jednej ze swoich korespondencyj z Ameryki.</p></div>
</div>
