<div id="book-text">
<div id="toc">
<h2>Spis treści</h2>
<ol>
<a href="#s1" class="anchor">III</a><li>
</ol>
</div>
<h2 class="wl" id="s1">III</h2>
<div class="stanza" id="i1">
<a href="#f1" class="wl-num">1</a><div class="wl verse" id="f1">Każdego z takich, jak ty, świat nie może</div>
<div class="wl verse" id="f2">Od razu przyjąć na spokojne łoże,</div>
<div class="wl verse" id="f3">I nie przyjmował nigdy, jak wiek wiekiem.</div>
<div class="wl verse" id="f4">Bo glina w glinę wtapia się bez przerwy,</div>
<a href="#f5" class="wl-num">5</a><div class="wl verse" id="f5">Gdy sprzeczne ciała zbija się aż ćwiekiem</div>
<div class="wl verse" id="f6">Później… lub pierwéj…</div>
</div>
<div class="note"><p class="wl paragraph" id="i2">Pisałem w Paryżu 1856 w styczniu.</p></div>
</div>
