<div id="book-text">
<a href="#f1" class="wl-num">1</a><p class="wl paragraph" id="f1">Jego marzenie się nie spełniło: nie ożenił się, choć był już na to zupełnie zdecydowany,
gdy skończono oporządzać jego mieszkanie. [...] Rzecz dziwna, czym jest mundur dla takich ludzi.</p>
<div class="note"><p class="wl paragraph" id="i1"><em class="author-emphasis">Uwaga tłumacza</em>. Drukowane obecnie w „Nowej Reformie”
<em class="book-title">Wspomnienia Sybiraka</em> (pamiętniki Józefa Bogusławskiego) pozwalają
szczęśliwym trafem podać w całości nazwiska Polaków, o których mówi Dostojewski w swoich pamiętnikach,
oznaczając te nazwiska tylko pierwszymi literami, z dodaniem czasami końcówek. [...]</p></div>
</div>
