<div id="book-text">
<h4 id="s1">II</h4>
<div class="note"><p class="wl paragraph" id="i1">Moje wypadki • Ognisko w wąwozie • Uczta • Opowiadania skwatera • Nocleg • Głosy nocne
• Niespokojne sny • Ranek • Polowanie z zasadzki • Pierwszy jeleń</p></div>
</div>
