<div id="book-text">
<a href="#f1" class="wl-num">1</a><p class="wl paragraph" id="f1">blok akapitów pytania</p>
<a href="#f2" class="wl-num">2</a><p class="wl paragraph" id="f2">blok akapitów odpowiedzi</p>
</div>
