{
    'publisher': ['Fundacja Wolne Lektury'],
    'about': 'http://redakcja.wolnelektury.pl/documents/book/brzydkie-kaczatko/',
    'source_name': 'Andersen, Hans Christian (1805-1875), Baśnie, Gebethner i Wolff, wyd. 7, Kraków, 1925',
    'author': 'Andersen, Hans Christian',
    'url': 'http://wolnelektury.pl/katalog/lektura/brzydkie-kaczatko',
    'created_at': '2007-08-14',
    'title': 'Brzydkie kaczątko',
    'kind': 'Epika',
    'source_url': 'http://www.polona.pl/dlibra/doccontent2?id=3563&dirids=4',
    'translators': ['Niewiadomska, Cecylia'],
    'released_to_public_domain_at': '1925',
    'epoch': 'Romantyzm',
    'genre': 'Baśń',
    'technical_editors': ['Gałecki, Dariusz'],
    'license_description': 'Domena publiczna - tłumacz Cecylia Niewiadomska zm. 1925',
    'audiences': ['SP1'],
    'language': 'pol',
}
