{
    'editors': ['Sekuła, Aleksandra'],
    'publisher': ['Fundacja Wolne Lektury'],
    'about': 'http://redakcja.wolnelektury.pl/documents/book/akslop/',
    'source_name': 'Miłosz Biedrzycki, * ("Gwiazdka"), Fundacja "brulion", Kraków-Warszawa, 1993',
    'author': 'Biedrzycki, Miłosz',
    'url': 'http://wolnelektury.pl/katalog/lektura/akslop',
    'created_at': '2009-06-04',
    'title': 'Akslop',
    'kind': 'Liryka',
    'source_url': 'http://free.art.pl/mlb/gwiazdka.html#t1',
    'epoch': 'Współczesność',
    'genre': 'Wiersz',
    'technical_editors': ['Sutkowska, Olga'],
    'license': 'http://artlibre.org/licence/lal/pl/',
    'license_description': 'Licencja Wolnej Sztuki 1.3',
    'audiences': ['L'],
    'language': 'pol',
}
