{
    'editors': [u'Sekuła, Aleksandra', u'Kallenbach, Józef'],
    'publisher': [u'Fundacja Nowoczesna Polska'],
    'about': 'http://wiki.wolnepodreczniki.pl/Lektury:Mickiewicz/Ballady/Rybka',
    'source_name': u'Mickiewicz, Adam (1798-1855), Poezje, tom 1 (Wiersze młodzieńcze - Ballady i romanse - Wiersze do r. 1824), Krakowska Spółdzielnia Wydawnicza, wyd. 2 zwiększone, Kraków, 1922',
    'author': u'Mickiewicz, Adam',
    'url': u'http://wolnelektury.pl/katalog/lektura/ballady-i-romanse-rybka',
    'created_at': u'2007-09-06',
    'title': u'Rybka',
    'kind': u'Liryka',
    'source_url': u'http://www.polona.pl/Content/2222',
    'released_to_public_domain_at': u'1855',
    'epoch': u'Romantyzm',
    'genre': u'Ballada',
    'technical_editors': [u'Sutkowska, Olga'],
    'license_description': u'Domena publiczna - Adam Mickiewicz zm. 1855',
    'audiences': [u'SP2', u'G', u'L'],
    'language': u'pol',
}

