<div id="book-text"><h1><span class="wl title" id="i1">Anioł</span></h1></div>
