<div id="book-text"><blockquote>
<a href="#f1" class="wl-num">1</a><p class="wl paragraph" id="f1">blok-akapitow-cytatu</p>
</blockquote></div>
