<div id="book-text"><blockquote><div class="stanza" id="i1">
<a href="#f1" class="wl-num">1</a><div class="wl verse" id="f1">Tymczasem przenoś duszę moją utęsknioną</div>
<div class="wl verse" id="f2">Do tych pagórków leśnych, do tych łąk zielonych...</div>
</div></blockquote></div>
