<div id="book-text">
<h1>
<span class="wl author" id="i1">Władysław Stanisław Reymont</span><span class="wl collection" id="i2">Chłopi</span><span class="wl title" id="i3">Część pierwsza — Jesień</span>
</h1>
<div class="dedication" id="i5">
<div class="stanza" id="i4">
<a href="#f1" class="wl-num">1</a><div class="wl verse" id="f1">Miriamowi</div>
<div class="wl verse" id="f2">(Zenonowi Przesmyckiemu)</div>
</div>
</div>
</div>
