<div id="book-text"><img class="ilustr" alt="Kot" title="Kot" src="https://redakcja.wolnelektury.pl/media/images/kipling-takie-sobie-bajeczki-calosc/kot.jpg"></div>
