<div id="book-text">
<a href="#f1" class="wl-num">1</a><p class="wl paragraph" id="f1">Kali opowiedział, co zaszło, i ze słów jego pokazało się, że przyczyną wydarzenia była tylko zawziętość Fumby, gdy bowiem bitwa
już ustała, chciał jeszcze dobić dwóch Samburów i od jednego z nich otrzymał cios włócznią.</p>
<a href="#f2" class="wl-num">2</a><p class="wl paragraph" id="f2">Wiadomość rozbiegła się w mgnieniu oka między wszystkimi Wa-himami i naokół Kalego uczyniło się zbiegowisko.
W chwilę później sześciu wojowników przyniosło na włóczniach starego króla, który nie był zabity, ale ciężko ranny i przed śmiercią chciał
jeszcze zobaczyć potężnego, siedzącego na słoniu pana, prawdziwego zwycięzcę Samburu.</p>
</div>
