<div id="book-text">
<a href="#f1" class="wl-num">1</a><p class="wl paragraph" id="f1">Przeczytałem wczoraj
  <em class="book-title">
    Kilka uwag o <em class="book-title">„Hamlecie”</em>
    Szekspira
  </em>
  pióra...</p>
</div>
