<div id="book-text">
<div id="toc">
<h2>Spis treści</h2>
<ol>
<a href="#s1" class="anchor">PIEŚŃ I</a><li>
</ol>
</div>
<h1>
<span class="wl author" id="i1">Juliusz Słowacki</span><span class="wl title" id="i2">Beniowski</span>
</h1>
<h2 class="wl" id="s1">PIEŚŃ I</h2>
<div class="stanza" id="i3">
<a href="#f1" class="wl-num">1</a><div class="wl verse" id="f1">Za panowania króla Stanisława</div>
<div class="wl verse verse-indent verse-indent-1" id="f2">Mieszkał ubogi szlachcic na Podolu,</div>
<div class="wl verse" id="f3">Wysoko potem go wyniosła sława;</div>
<div class="wl verse verse-indent verse-indent-1" id="f4">Szczęścia miał mało w życiu, więcej bolu;</div>
<a href="#f5" class="wl-num">5</a><div class="wl verse" id="f5">Albowiem była to epoka krwawa,</div>
<div class="wl verse verse-indent verse-indent-1" id="f6">I kraj był cały na rumaku, w polu;</div>
<div class="wl verse" id="f7">Łany, ogrody leżały odłogiem,</div>
<div class="wl verse" id="f8">Zaraza stała u domu za progiem.</div>
</div>
</div>
