<div id="book-text">
<a href="#f1" class="wl-num">1</a><p class="wl paragraph" id="f1">Bieży<a href="#footnote-id1" class="annotation-anchor" id="anchor-id1">[1]</a>.</p>
<div id="footnotes">
<h3>Przypisy</h3>
<div class="fn-pa">
<a name="footnote-id1"></a><a href="#anchor-id1" class="annotation">[1]</a><p><em class="foreign-word">bieży</em> — biegnie. [przypis autorski]</p>
</div>
</div>
</div>
