<div id="book-text"><h4 id="s1"> numer-i/lub-tytuł-podrozdziału </h4></div>
