<div id="book-text">
<h1>
<span class="wl author" id="i1">Aleksander Fredro</span><span class="wl title" id="i2">Zemsta</span>
</h1>
<div class="motto" id="i3">
<a href="#f1" class="wl-num">1</a><p class="wl paragraph" id="f1">Nie masz nic tak złego, żeby się na dobre nie przydało. Bywa z węża dryjakiew, złe często dobremu okazyją daje.</p>
</div>
<p class="wl motto_podpis" id="i4">
And. Maks. Fredro
</p>
</div>
