<div id="book-text">
<div id="toc">
<h2>Spis treści</h2>
<ol>
<a href="#s1" class="anchor">I. Jak wygląda firma J. Mincel i S. Wokulski przez szkło butelek?</a><li>
</ol>
</div>
<h1>
<span class="wl author" id="i1">Bolesław Prus</span><span class="wl collection" id="i2">Lalka</span><span class="wl title" id="i3">Tom pierwszy</span>
</h1>
<h3 class="wl" id="s1">I. Jak wygląda firma J. Mincel i S. Wokulski przez szkło butelek?</h3>
</div>
