<div id="book-text">
<h4 id="i1">GŁOS HESI</h4>
<div class="kwestia">
<a href="#f1" class="wl-num">1</a><p class="wl paragraph" id="f1">Mamuńciu, tak zimno! troszkę ciepłej wody…</p>
</div>
<h4 id="i2">DULSKA</h4>
<div class="kwestia">
<a href="#f2" class="wl-num">2</a><p class="wl paragraph" id="f2">Jeszcze czego? Hartujcie się… Felicjan! wstajesz? Wiesz? ten błazen, twój syn, nie wrócił jeszcze do domu! Co? nic nie mówisz? naturalnie.
Ojciec toleruje. Niedaleko padło jabłko od jabłoni. Ale jak będą dłużki małe — nie zapłacę.</p>
</div>
</div>
