<blockquote>
      <p class="wl paragraph"><em class="book-title">Przygody Tomka Sawyera</em> to najsłynniejsza powieść dla młodzieży autorstwa amerykańskiego pisarza Marka Twaina.</p>
    </blockquote>
