<div id="book-text">
<div id="toc">
<h2>Spis treści</h2>
<ol></ol>
</div>
<div id="themes"><ol>
<li>Miłość platoniczna: <a href="#m1189062500041">1</a> </li>
<li>Natura: <a href="#m1189062528872">1</a> </li>
<li>Nicość: <a href="#m1">1</a> </li>
</ol></div>
<h1>
<span class="author" id="sec2">Adam Asnyk</span><span class="title" id="sec3"><a class="theme-begin" fid="1189062500041" name="m1189062500041">Miłość platoniczna</a>Między nami nic nie było</span>
</h1>
<div class="stanza" id="sec4">
<a name="f1" class="target"> </a><a href="#f1" class="anchor">1</a><div class="verse">Między nami <a class="theme-begin" fid="1" name="m1">Nicość</a>nic nie było!<span class="theme-end" fid="1"></span>
</div>
<div class="verse">Żadnych zwierzeń, wyznań żadnych!</div>
<div class="verse">Nic nas z sobą nie łączyło —</div>
<div class="verse">Prócz wiosennych marzeń zdradnych;</div>
</div>
<div class="stanza" id="sec5">
<a name="f5" class="target"> </a><a href="#f5" class="anchor">5</a><div class="verse">
<a class="theme-begin" fid="1189062528872" name="m1189062528872">Natura</a>Prócz tych woni, barw i blasków,</div>
<div class="verse">Unoszących się w przestrzeni;</div>
<div class="verse">Prócz szumiących śpiewem lasków</div>
<div class="verse">I tej świeżej łąk zieleni;</div>
</div>
<div class="stanza" id="sec6">
<div class="verse">Prócz tych kaskad i potoków,</div>
<a name="f10" class="target"> </a><a href="#f10" class="anchor">10</a><div class="verse">Zraszających każdy parów,</div>
<div class="verse">Prócz girlandy tęcz, obłoków,</div>
<div class="verse">Prócz natury słodkich czarów;</div>
</div>
<div class="stanza" id="sec7">
<div class="verse">Prócz tych wspólnych, jasnych zdrojów,</div>
<div class="verse">Z których serce zachwyt piło;</div>
<a name="f15" class="target"> </a><a href="#f15" class="anchor">15</a><div class="verse">Prócz pierwiosnków i powojów,—</div>
<div class="verse">Między nami nic nie było!<span class="theme-end" fid="1189062528872"></span><span class="theme-end" fid="1189062500041"></span>
</div>
</div>
</div>
