<div id="book-text">
<h1>
<span class="wl author" id="i1">Sofokles</span><span class="wl title" id="i2">Antygona</span>
</h1>
<div class="person-list" id="i14">
<h3 class="wl" id="i3">OSOBY DRAMATU</h3>
<ol>
<li class="wl" id="i4">ANTYGONA, córka Edypa</li>
<li class="wl" id="i5">ISMENA, jej siostra</li>
<li class="wl" id="i6">CHÓR TEBANSKICH STARCÓW</li>
<li class="wl" id="i7">KREON, król Teb</li>
<li class="wl" id="i8">STRAŻNIK</li>
<li class="wl" id="i9">HAJMON, syn Kreona</li>
<li class="wl" id="i10">TYREZJASZ, wróżbita</li>
<li class="wl" id="i11">POSŁANIEC.</li>
<li class="wl" id="i12">EURYDYKA, żona Kreona</li>
<li class="wl" id="i13">POSŁANIEC drugi</li>
</ol>
</div>
<p class="wl place-and-time" id="i15">Rzecz dzieje się przed dworcem królewskim w Tebach</p>
</div>
