<div id="book-text"><h1><span class="wl author" id="i1">Hans Christian Andersen</span></h1></div>
