<div id="book-text">
<a href="#f1" class="wl-num">1</a><p class="wl paragraph" id="f1">W roku 1872 dom pod numerem 7 przy Saville Row<a class="reference" data-uri="https://www.wikidata.org/wiki/Q1631609"></a>, Burlington Gardens, w którym w roku 1814 zmarł Sheridan<a class="reference" data-uri="https://www.wikidata.org/wiki/Q352725"></a>, był zamieszkany przez Phileasa Fogga, członka londyńskiego klubu „Reforma”<a class="reference" data-uri="https://www.wikidata.org/wiki/Q962177"></a>, osobistość wybitną i wielce oryginalną.</p>
</div>
