<div id="book-text">
<a href="#f1" class="wl-num">1</a><p class="wl paragraph" id="f1">H<sub>2</sub>O.</p>
</div>
