<div id="book-text">
<h4 id="i1">CZEŚNIK</h4>
<div class="kwestia">
<div class="didaskalia" id="i2">jakby do siebie</div>
<div class="stanza" id="i3">
<a href="#f1" class="wl-num">1</a><div class="wl verse" id="f1">Piękne dobra w każdym względzie —</div>
<div class="wl verse" id="f2">Lasy — gleba wyśmienita —</div>
<div class="wl verse" id="f3">Dobrą żoną pewnie będzie —</div>
<div class="wl verse" id="f4">Co za czynsze! — To kobiéta!...</div>
<a href="#f5" class="wl-num">5</a><div class="wl verse" id="f5">Trzy folwarki!</div>
</div>
</div>
</div>
