<div id="book-text">
<div id="toc">
<h2>Spis treści</h2>
<ol>
<a href="#s1" class="anchor">śródtytuł</a><li>
</ol>
</div>
<h2 class="wl" id="s1"> śródtytuł </h2>
</div>
