<div id="book-text">
<a href="#f1" class="wl-num">1</a><p class="wl paragraph" id="f1">dalszy-ciÄ…g-akapitu</p>
</div>
