<div id="book-text">
<a href="#f1" class="wl-num">1</a><p class="wl paragraph" id="f1">Adres:
  <a target="_blank" href="https://wolnelektury.pl">https://wolnelektury.pl</a></p>
</div>
