<div id="book-text"><div class="stanza" id="i1">
<a href="#f1" class="wl-num">1</a><div class="wl verse" id="f1">Anioł ognisty — mój anioł lewy</div>
<div class="wl verse verse-right" id="f2">Poruszył dawną miłości strunę.</div>
<div class="wl verse" id="f3">Z tobą! o! z tobą, gdzie białe mewy,</div>
<div class="wl verse verse-right" id="f4">Z tobą w podśnieżną sybirską trunę,</div>
<a href="#f5" class="wl-num">5</a><div class="wl verse" id="f5">Gdzie wiatry wyją tak jak hyjeny,</div>
<div class="wl verse" id="f6">Tam, gdzie ty pasasz na grobach reny.</div>
</div></div>
