<div id="book-text">
<div id="toc">
<h2>Spis tre≈õci</h2>
<ol>
<a href="#s1" class="anchor">AKT PIERWSZY</a><li><ol>
<a href="#s2" class="anchor">SCENA PIERWSZA</a><li>
</ol></li>
</ol>
</div>
<h2 class="wl" id="s1">AKT PIERWSZY</h2>
<h3 id="s2">SCENA PIERWSZA</h3>
</div>
