<div id="book-text">
<h1>
<span class="wl author" id="i1">Mikołaj Sęp Szarzyński</span><span class="wl title" id="i2">Do Zosie</span>
</h1>
<div class="stanza" id="i3">
<a href="#f1" class="wl-num">1</a><div class="wl verse" id="f1">Będę się zawsze dziwował twojej pikności:</div>
<div class="wl verse" id="f2">Nie szkodzi wiernej dalekość miłości;</div>
<div class="wl verse" id="f3">Bo, gdzie ciałem nie mogę być, tam myślą będę,</div>
<div class="wl verse" id="f4">A pierwej siebie, niż ciebie zabędę;</div>
<a href="#f5" class="wl-num">5</a><div class="wl verse" id="f5">A dotąd się serce me smęcić nie przestanie,</div>
<div class="wl verse" id="f6">Aż cię oglądam, me wdzięczne kochanie.</div>
</div>
</div>
