<div id="book-text">
<div class="paralell-block paralell-block-first"><div class="kwestia">
<a href="#f1" class="wl-num">1</a><p class="wl paragraph" id="f1">Treść</p>
</div></div>
<div class="paralell-block paralell-block-last">
    <div class="kwestia">
<a href="#f2" class="wl-num">2</a><p class="wl paragraph" id="f2">Treść</p>
</div>
    <div class="kwestia">
<a href="#f3" class="wl-num">3</a><p class="wl paragraph" id="f3">Treść</p>
</div>
  </div>
</div>
